#-----------------------------------------------------------
# Vivado v2024.1 (64-bit)
# SW Build 5076996 on Wed May 22 18:37:14 MDT 2024
# IP Build 5075265 on Wed May 22 21:45:21 MDT 2024
# SharedData Build 5076995 on Wed May 22 18:29:18 MDT 2024
# Start of session at: Sun Dec  1 17:21:32 2024
# Process ID: 13360
# Current directory: C:/Users/semenov/Desktop/fpga_speaker_project/ultrasonicSpeaker/ultrasonicSpeaker.runs/synth_1
# Command line: vivado.exe -log UltrasonicSpeaker.vds -product Vivado -mode batch -messageDb vivado.pb -notrace -source UltrasonicSpeaker.tcl
# Log file: C:/Users/semenov/Desktop/fpga_speaker_project/ultrasonicSpeaker/ultrasonicSpeaker.runs/synth_1/UltrasonicSpeaker.vds
# Journal file: C:/Users/semenov/Desktop/fpga_speaker_project/ultrasonicSpeaker/ultrasonicSpeaker.runs/synth_1\vivado.jou
# Running On        :SIEMENS
# Platform          :Windows Server 2016 or Windows 10
# Operating System  :19045
# Processor Detail  :Intel(R) Core(TM) i7-4790S CPU @ 3.20GHz
# CPU Frequency     :3193 MHz
# CPU Physical cores:4
# CPU Logical cores :8
# Host memory       :17075 MB
# Swap memory       :2550 MB
# Total Virtual     :19625 MB
# Available Virtual :10439 MB
#-----------------------------------------------------------
source UltrasonicSpeaker.tcl -notrace
