Copyright 1986-2022 Xilinx, Inc. All Rights Reserved. Copyright 2022-2024 Advanced Micro Devices, Inc. All Rights Reserved.
-----------------------------------------------------------------------------------------------------------------------------------------------------------------------------------------
| Tool Version : Vivado v.2024.1 (win64) Build 5076996 Wed May 22 18:37:14 MDT 2024
| Date         : Thu Nov 21 02:52:08 2024
| Host         : SIEMENS running 64-bit major release  (build 9200)
| Command      : report_methodology -file UltrasonicSpeaker_methodology_drc_routed.rpt -pb UltrasonicSpeaker_methodology_drc_routed.pb -rpx UltrasonicSpeaker_methodology_drc_routed.rpx
| Design       : UltrasonicSpeaker
| Device       : xc7z010clg400-1
| Speed File   : -1
| Design State : Fully Routed
-----------------------------------------------------------------------------------------------------------------------------------------------------------------------------------------

Report Methodology

Table of Contents
-----------------
1. REPORT SUMMARY
2. REPORT DETAILS

1. REPORT SUMMARY
-----------------
            Netlist: netlist
          Floorplan: design_1
      Design limits: <entire design considered>
             Max violations: <unlimited>
             Violations found: 2
+--------+----------+--------------------------------------------------------+------------+
| Rule   | Severity | Description                                            | Violations |
+--------+----------+--------------------------------------------------------+------------+
| XDCC-1 | Warning  | Scoped Clock constraint overwritten with the same name | 1          |
| XDCC-7 | Warning  | Scoped Clock constraint overwritten on the same source | 1          |
+--------+----------+--------------------------------------------------------+------------+

2. REPORT DETAILS
-----------------
XDCC-1#1 Warning
Scoped Clock constraint overwritten with the same name  
A new clock constraint create_clock overrides a previous scoped clock constraint with the same name. It is not recommended to override a scoped (typically an IP) clock constraint and could result in unexpected behaviors.
New: create_clock -period 8.000 [get_ports clk] (Source: C:/Users/semenov/Desktop/speaker_project/ultrasonicSpeaker/ultrasonicSpeaker.srcs/constrs_1/new/constraints.xdc (Line: 1))
Previous: create_clock -period 8.000 [get_ports clk] (Source: c:/Users/semenov/Desktop/speaker_project/ultrasonicSpeaker/ultrasonicSpeaker.gen/sources_1/ip/combined_clock_gen/combined_clock_gen.xdc (Line: 53))
Related violations: <none>

XDCC-7#1 Warning
Scoped Clock constraint overwritten on the same source  
A new clock constraint create_clock overrides a previous scoped clock constraint defined on the same source. It is not recommended to override a scoped (typically an IP) clock constraint and could result in unexpected behaviors.
New: create_clock -period 8.000 [get_ports clk] (Source: C:/Users/semenov/Desktop/speaker_project/ultrasonicSpeaker/ultrasonicSpeaker.srcs/constrs_1/new/constraints.xdc (Line: 1))
Previous: create_clock -period 8.000 [get_ports clk] (Source: c:/Users/semenov/Desktop/speaker_project/ultrasonicSpeaker/ultrasonicSpeaker.gen/sources_1/ip/combined_clock_gen/combined_clock_gen.xdc (Line: 53))
Related violations: <none>


